.tribe_events_cat-test-category {
    --tec-category-primary: #ff0000;
    --tec-category-secondary: #00ff00;
    --tec-category-text: #0000ff;
}
