{
    "allOf": [
        {
            "$ref": "#/components/schemas/TEC_Post_Entity_Request_Body"
        },
        {
            "title": "Event Request Body",
            "description": "The request body for the event endpoint",
            "type": "object",
            "properties": {
                "tribe_events_cat": {
                    "type": "array",
                    "description": "The terms assigned to the entity in the tribe_events_cat taxonomy",
                    "items": {
                        "type": "integer"
                    },
                    "example": [
                        1,
                        5,
                        12
                    ]
                },
                "start_date": {
                    "type": "string",
                    "description": "The start date of the event",
                    "format": "date-time",
                    "pattern": "^[0-9]{4}-[0-9]{2}-[0-9]{2} [0-9]{2}:[0-9]{2}:[0-9]{2}$",
                    "example": "2025-06-05 12:00:00"
                },
                "start_date_utc": {
                    "type": "string",
                    "description": "The start date of the event in UTC",
                    "format": "date-time",
                    "pattern": "^[0-9]{4}-[0-9]{2}-[0-9]{2} [0-9]{2}:[0-9]{2}:[0-9]{2}$",
                    "example": "2025-06-05 09:00:00"
                },
                "end_date": {
                    "type": "string",
                    "description": "The end date of the event",
                    "format": "date-time",
                    "pattern": "^[0-9]{4}-[0-9]{2}-[0-9]{2} [0-9]{2}:[0-9]{2}:[0-9]{2}$",
                    "example": "2025-06-05 16:00:00"
                },
                "end_date_utc": {
                    "type": "string",
                    "description": "The end date of the event in UTC",
                    "format": "date-time",
                    "pattern": "^[0-9]{4}-[0-9]{2}-[0-9]{2} [0-9]{2}:[0-9]{2}:[0-9]{2}$",
                    "example": "2025-06-05 13:00:00"
                },
                "timezone": {
                    "type": "string",
                    "description": "The timezone of the event",
                    "example": "Europe/Athens"
                },
                "duration": {
                    "type": "integer",
                    "description": "The duration of the event in seconds",
                    "example": 14400
                },
                "all_day": {
                    "type": "boolean",
                    "description": "Whether the event is all day",
                    "example": false
                },
                "featured": {
                    "type": "boolean",
                    "description": "Whether the event is featured",
                    "example": false
                },
                "sticky": {
                    "type": "boolean",
                    "description": "Whether the event is sticky",
                    "example": false
                },
                "cost": {
                    "type": "string",
                    "description": "The cost of the event",
                    "example": "$10"
                },
                "organizers": {
                    "type": "array",
                    "description": "The organizers of the event",
                    "items": {
                        "type": "integer"
                    },
                    "example": [
                        1,
                        2
                    ]
                },
                "venues": {
                    "type": "integer",
                    "description": "The venue of the event",
                    "example": 7
                }
            }
        }
    ]
}