{
    "allOf": [
        {
            "$ref": "#/components/schemas/TEC_Post_Entity"
        },
        {
            "type": "object",
            "description": "An event",
            "title": "Event",
            "properties": {
                "tribe_events_cat": {
                    "type": "array",
                    "description": "The terms assigned to the entity in the tribe_events_cat taxonomy",
                    "items": {
                        "type": "integer"
                    },
                    "example": [
                        1,
                        5,
                        12
                    ]
                },
                "start_date": {
                    "type": "string",
                    "description": "The start date of the event",
                    "format": "date-time",
                    "pattern": "^[0-9]{4}-[0-9]{2}-[0-9]{2} [0-9]{2}:[0-9]{2}:[0-9]{2}$",
                    "example": "2025-06-05 12:00:00"
                },
                "start_date_utc": {
                    "type": "string",
                    "description": "The start date of the event in UTC",
                    "format": "date-time",
                    "pattern": "^[0-9]{4}-[0-9]{2}-[0-9]{2} [0-9]{2}:[0-9]{2}:[0-9]{2}$",
                    "example": "2025-06-05 09:00:00"
                },
                "end_date": {
                    "type": "string",
                    "description": "The end date of the event",
                    "format": "date-time",
                    "pattern": "^[0-9]{4}-[0-9]{2}-[0-9]{2} [0-9]{2}:[0-9]{2}:[0-9]{2}$",
                    "example": "2025-06-05 16:00:00"
                },
                "end_date_utc": {
                    "type": "string",
                    "description": "The end date of the event in UTC",
                    "format": "date-time",
                    "pattern": "^[0-9]{4}-[0-9]{2}-[0-9]{2} [0-9]{2}:[0-9]{2}:[0-9]{2}$",
                    "example": "2025-06-05 13:00:00"
                },
                "dates": {
                    "$ref": "#/components/schemas/DateDetails"
                },
                "timezone": {
                    "type": "string",
                    "description": "The timezone of the event",
                    "example": "Europe/Athens"
                },
                "duration": {
                    "type": "integer",
                    "description": "The duration of the event in seconds",
                    "example": 14400
                },
                "multiday": {
                    "type": "boolean",
                    "description": "Whether the event is multiday",
                    "example": false
                },
                "is_past": {
                    "type": "boolean",
                    "description": "Whether the event is in the past",
                    "example": false
                },
                "is_now": {
                    "type": "boolean",
                    "description": "Whether the event is happening now",
                    "example": false
                },
                "all_day": {
                    "type": "boolean",
                    "description": "Whether the event is all day",
                    "example": false
                },
                "starts_this_week": {
                    "type": "boolean",
                    "nullable": true,
                    "description": "Whether the event starts this week",
                    "example": false
                },
                "ends_this_week": {
                    "type": "boolean",
                    "nullable": true,
                    "description": "Whether the event ends this week",
                    "example": false
                },
                "happens_this_week": {
                    "type": "boolean",
                    "nullable": true,
                    "description": "Whether the event happens this week",
                    "example": false
                },
                "this_week_duration": {
                    "type": "integer",
                    "nullable": true,
                    "description": "The duration of the event in the current week",
                    "example": 3600
                },
                "displays_on": {
                    "type": "array",
                    "description": "The days of the week that the event displays on",
                    "items": {
                        "type": "string",
                        "format": "date",
                        "pattern": "^[0-9]{4}-[0-9]{2}-[0-9]{2}$",
                        "example": "2025-06-05"
                    }
                },
                "featured": {
                    "type": "boolean",
                    "description": "Whether the event is featured",
                    "example": false
                },
                "sticky": {
                    "type": "boolean",
                    "description": "Whether the event is sticky",
                    "example": false
                },
                "cost": {
                    "type": "string",
                    "description": "The cost of the event",
                    "example": "$10"
                },
                "organizer_names": {
                    "type": "array",
                    "description": "The names of the organizers of the event",
                    "items": {
                        "type": "string"
                    },
                    "example": [
                        "John Doe",
                        "Jane Doe"
                    ]
                },
                "organizers": {
                    "type": "array",
                    "description": "The organizers of the event",
                    "items": {
                        "$ref": "#/components/schemas/Organizer"
                    }
                },
                "venues": {
                    "type": "array",
                    "description": "The venues of the event",
                    "items": {
                        "$ref": "#/components/schemas/Venue"
                    }
                },
                "schedule_details": {
                    "type": "string",
                    "description": "The schedule details of the event",
                    "example": "10:00 - 12:00"
                },
                "short_schedule_details": {
                    "type": "string",
                    "description": "The schedule details of the event in HTML",
                    "example": "<p>10:00 - 12:00</p>"
                }
            }
        }
    ]
}